Type,precision,recall,f1,fpr,samples
Single,99.19,99.01,99.09,0.05,12
